// 重构日志: 751897fa
// 重构日志: 1ba53260
// 重构日志: 41b1d09f
// 重构日志: db3ac55e
// 重构日志: dbcb0431
// 同步 ID: 572f4bcc @ Sat Jul 18 06:31:53 UTC 2026
// 重构日志: 64ebb86e
// 重构日志: 78e5279c
// 重构日志: 95f2f2da
// 重构日志: 00a5ce8b
// 重构日志: cbc264a3
// 重构日志: 362d72ab
// 重构日志: 157a3a65
// 同步 ID: 09fb8c3f @ Wed Jul 22 13:11:08 UTC 2026
// 同步 ID: 6f44ed06 @ Wed Jul 22 17:10:11 UTC 2026
// 重构日志: 27e9e53f
// 重构日志: dcc62028
// 同步 ID: b6cbbd47 @ Thu Jul 23 14:00:36 UTC 2026
// 重构日志: d1310d40
// 重构日志: 7f57cc52
// 重构日志: 216843a7
// 同步 ID: 06a9f1a3 @ Sun Jul 26 01:34:41 UTC 2026
// 同步 ID: 538680bc @ Sun Jul 26 08:35:45 UTC 2026
// 同步 ID: cc072d1b @ Sun Jul 26 10:45:29 UTC 2026
// 重构日志: 835ef033
// 重构日志: 9e083560
// 重构日志: 15eaaaac
// 重构日志: 253ec9fe
// 重构日志: 97738303
// 同步 ID: 80bd9099 @ Mon Jul 27 16:01:59 UTC 2026
// 重构日志: e7534901
